INFO:     Started server process [24496]
INFO:     Waiting for application startup.
2026-09-28 15:12:59,937 INFO app.main: Application starting up.
INFO:     Application startup complete.
INFO:     Uvicorn running on http://127.0.0.1:18999 (Press CTRL+C to quit)
INFO:     127.0.0.1:54639 - "GET / HTTP/1.1" 302 Found
INFO:     127.0.0.1:54639 - "GET /login HTTP/1.1" 200 OK
INFO:     127.0.0.1:54639 - "GET /static/css/style.css HTTP/1.1" 200 OK
INFO:     127.0.0.1:54639 - "GET /favicon.ico HTTP/1.1" 404 Not Found
INFO:     127.0.0.1:50436 - "POST /login HTTP/1.1" 500 Internal Server Error
ERROR:    Exception in ASGI application
Traceback (most recent call last):
  File "d:\CODE\Lang_Chain\project\.venv\Lib\site-packages\uvicorn\protocols\http\httptools_impl.py", line 409, in run_asgi
    result = await app(  # type: ignore[func-returns-value]
             ^^^^^^^^^^^^^^^^^^^^^^^^^^^^^^^^^^^^^^^^^^^^^^
        self.scope, self.receive, self.send
        ^^^^^^^^^^^^^^^^^^^^^^^^^^^^^^^^^^^
    )
    ^
  File "d:\CODE\Lang_Chain\project\.venv\Lib\site-packages\uvicorn\middleware\proxy_headers.py", line 60, in __call__
    return await self.app(scope, receive, send)
           ^^^^^^^^^^^^^^^^^^^^^^^^^^^^^^^^^^^^
  File "d:\CODE\Lang_Chain\project\.venv\Lib\site-packages\fastapi\applications.py", line 1054, in __call__
    await super().__call__(scope, receive, send)
  File "d:\CODE\Lang_Chain\project\.venv\Lib\site-packages\starlette\applications.py", line 113, in __call__
    await self.middleware_stack(scope, receive, send)
  File "d:\CODE\Lang_Chain\project\.venv\Lib\site-packages\starlette\middleware\errors.py", line 187, in __call__
    raise exc
  File "d:\CODE\Lang_Chain\project\.venv\Lib\site-packages\starlette\middleware\errors.py", line 165, in __call__
    await self.app(scope, receive, _send)
  File "d:\CODE\Lang_Chain\project\.venv\Lib\site-packages\starlette\middleware\exceptions.py", line 62, in __call__
    await wrap_app_handling_exceptions(self.app, conn)(scope, receive, send)
  File "d:\CODE\Lang_Chain\project\.venv\Lib\site-packages\starlette\_exception_handler.py", line 53, in wrapped_app
    raise exc
  File "d:\CODE\Lang_Chain\project\.venv\Lib\site-packages\starlette\_exception_handler.py", line 42, in wrapped_app
    await app(scope, receive, sender)
  File "d:\CODE\Lang_Chain\project\.venv\Lib\site-packages\starlette\routing.py", line 715, in __call__
    await self.middleware_stack(scope, receive, send)
  File "d:\CODE\Lang_Chain\project\.venv\Lib\site-packages\starlette\routing.py", line 735, in app
    await route.handle(scope, receive, send)
  File "d:\CODE\Lang_Chain\project\.venv\Lib\site-packages\starlette\routing.py", line 288, in handle
    await self.app(scope, receive, send)
  File "d:\CODE\Lang_Chain\project\.venv\Lib\site-packages\starlette\routing.py", line 76, in app
    await wrap_app_handling_exceptions(app, request)(scope, receive, send)
  File "d:\CODE\Lang_Chain\project\.venv\Lib\site-packages\starlette\_exception_handler.py", line 53, in wrapped_app
    raise exc
  File "d:\CODE\Lang_Chain\project\.venv\Lib\site-packages\starlette\_exception_handler.py", line 42, in wrapped_app
    await app(scope, receive, sender)
  File "d:\CODE\Lang_Chain\project\.venv\Lib\site-packages\starlette\routing.py", line 73, in app
    response = await f(request)
               ^^^^^^^^^^^^^^^^
  File "d:\CODE\Lang_Chain\project\.venv\Lib\site-packages\fastapi\routing.py", line 301, in app
    raw_response = await run_endpoint_function(
                   ^^^^^^^^^^^^^^^^^^^^^^^^^^^^
    ...<3 lines>...
    )
    ^
  File "d:\CODE\Lang_Chain\project\.venv\Lib\site-packages\fastapi\routing.py", line 212, in run_endpoint_function
    return await dependant.call(**values)
           ^^^^^^^^^^^^^^^^^^^^^^^^^^^^^^
  File "d:\CODE\Lang_Chain\project\app\routes\auth.py", line 52, in login_post
    user = get_user(username)
  File "d:\CODE\Lang_Chain\project\app\user_store.py", line 34, in get_user
    for u in _load():
             ~~~~~^^
  File "d:\CODE\Lang_Chain\project\app\user_store.py", line 21, in _load
    return json.load(f)
           ~~~~~~~~~^^^
  File "C:\Python314\Lib\json\__init__.py", line 298, in load
    return loads(fp.read(),
        cls=cls, object_hook=object_hook,
        parse_float=parse_float, parse_int=parse_int,
        parse_constant=parse_constant, object_pairs_hook=object_pairs_hook, **kw)
  File "C:\Python314\Lib\json\__init__.py", line 352, in loads
    return _default_decoder.decode(s)
           ~~~~~~~~~~~~~~~~~~~~~~~^^^
  File "C:\Python314\Lib\json\decoder.py", line 345, in decode
    obj, end = self.raw_decode(s, idx=_w(s, 0).end())
               ~~~~~~~~~~~~~~~^^^^^^^^^^^^^^^^^^^^^^^
  File "C:\Python314\Lib\json\decoder.py", line 361, in raw_decode
    obj, end = self.scan_once(s, idx)
               ~~~~~~~~~~~~~~^^^^^^^^
json.decoder.JSONDecodeError: Illegal trailing comma before end of object: line 12 column 22 (char 403)
